// Jest Snapshot v1, https://goo.gl/fbAQLP

exports[`FormContainer should match the snapshot 1`] = `
ShallowWrapper {
  "length": 1,
  Symbol(enzyme.__root__): [Circular],
  Symbol(enzyme.__unrendered__): <FormContainer
    boxScores={
        Object {
            "awayTeam": "Cubs",
            "awayTeamEvents": Array [
              Object {},
              Object {},
            ],
            "homeTeam": "Indians",
            "homeTeamEvents": Array [
              Object {
                "runners": Array [
                  1,
                  2,
                  3,
                ],
              },
              Object {
                "runners": Array [
                  1,
                  2,
                  3,
                ],
              },
            ],
          }
    }
    gameSummaries={
        Object {
            "awayTeam": "Cubs",
            "awayTeamRuns": 0,
            "homeTeam": "Indians",
            "homeTeamRuns": 100,
            "losingTeam": "Cubs",
            "winningTeam": "Indians",
          }
    }
/>,
  Symbol(enzyme.__renderer__): Object {
    "batchedUpdates": [Function],
    "getNode": [Function],
    "render": [Function],
    "simulateEvent": [Function],
    "unmount": [Function],
  },
  Symbol(enzyme.__node__): Object {
    "instance": null,
    "key": undefined,
    "nodeType": "host",
    "props": Object {
      "children": Array [
        <img
          alt="Sportsball logo"
          className="sportsball-logo animated zoomIn"
          src="logo_creme_home-02.svg"
/>,
        <img
          alt="loading"
          className="loading"
          src="loading.gif"
/>,
      ],
      "className": "form-container",
    },
    "ref": null,
    "rendered": Array [
      Object {
        "instance": null,
        "key": undefined,
        "nodeType": "host",
        "props": Object {
          "alt": "Sportsball logo",
          "className": "sportsball-logo animated zoomIn",
          "src": "logo_creme_home-02.svg",
        },
        "ref": null,
        "rendered": null,
        "type": "img",
      },
      Object {
        "instance": null,
        "key": undefined,
        "nodeType": "host",
        "props": Object {
          "alt": "loading",
          "className": "loading",
          "src": "loading.gif",
        },
        "ref": null,
        "rendered": null,
        "type": "img",
      },
    ],
    "type": "div",
  },
  Symbol(enzyme.__nodes__): Array [
    Object {
      "instance": null,
      "key": undefined,
      "nodeType": "host",
      "props": Object {
        "children": Array [
          <img
            alt="Sportsball logo"
            className="sportsball-logo animated zoomIn"
            src="logo_creme_home-02.svg"
/>,
          <img
            alt="loading"
            className="loading"
            src="loading.gif"
/>,
        ],
        "className": "form-container",
      },
      "ref": null,
      "rendered": Array [
        Object {
          "instance": null,
          "key": undefined,
          "nodeType": "host",
          "props": Object {
            "alt": "Sportsball logo",
            "className": "sportsball-logo animated zoomIn",
            "src": "logo_creme_home-02.svg",
          },
          "ref": null,
          "rendered": null,
          "type": "img",
        },
        Object {
          "instance": null,
          "key": undefined,
          "nodeType": "host",
          "props": Object {
            "alt": "loading",
            "className": "loading",
            "src": "loading.gif",
          },
          "ref": null,
          "rendered": null,
          "type": "img",
        },
      ],
      "type": "div",
    },
  ],
  Symbol(enzyme.__options__): Object {
    "adapter": ReactSixteenAdapter {
      "options": Object {
        "enableComponentDidUpdateOnSetState": true,
      },
    },
  },
}
`;
